// Jest Snapshot v1, https://goo.gl/fbAQLP

exports[`should render ConfirmationModal correctly 1`] = `
<Modal
  ariaHideApp={true}
  bodyOpenClassName="ReactModal__Body--open"
  className="modal"
  closeTimeoutMS={200}
  contentLabel="Confirm Removal"
  isOpen={true}
  onRequestClose={[MockFunction]}
  parentSelector={[Function]}
  portalClassName="ReactModalPortal"
  shouldCloseOnEsc={true}
  shouldCloseOnOverlayClick={true}
  shouldFocusAfterRender={true}
  shouldReturnFocusAfterClose={true}
>
  <h3
    className="modal__title"
  >
    Remove Expense
  </h3>
  <p
    className="modal__body"
  >
    Are you sure you want to remove the expense 'Rent'?
  </p>
  <button
    className="button button--confirm-yes"
    onClick={[Function]}
  >
    Yes
  </button>
  <button
    className="button button--confirm-no"
    onClick={[MockFunction]}
  >
    No
  </button>
</Modal>
`;
